2026/09/20 12:52:10 [notice] 1#1: using the "epoll" event method
2026/09/20 12:52:10 [notice] 1#1: nginx/1.31.6
2026/09/20 12:52:10 [notice] 1#1: built by gcc 15.2.0 (Alpine 15.2.0) 
2026/09/20 12:52:10 [notice] 1#1: OS: Linux 6.18.33.2-microsoft-standard-WSL2
2026/09/20 12:52:10 [notice] 1#1: getrlimit(RLIMIT_NOFILE): 1048576:1048576
2026/09/20 12:52:10 [notice] 1#1: start worker processes
2026/09/20 12:52:10 [notice] 1#1: start worker process 21
2026/09/20 12:52:10 [notice] 1#1: start worker process 22
2026/09/20 12:52:10 [notice] 1#1: start worker process 23
2026/09/20 12:52:10 [notice] 1#1: start worker process 24
2026/09/20 12:52:10 [notice] 1#1: start worker process 25
2026/09/20 12:52:10 [notice] 1#1: start worker process 26
2026/09/20 12:52:10 [notice] 1#1: start worker process 27
2026/09/20 12:52:10 [notice] 1#1: start worker process 28
2026/09/20 12:52:10 [notice] 1#1: start worker process 29
2026/09/20 12:52:10 [notice] 1#1: start worker process 30
2026/09/20 12:52:10 [notice] 1#1: start worker process 31
2026/09/20 12:52:10 [notice] 1#1: start worker process 32
2026/09/20 13:23:22 [notice] 1#1: signal 3 (SIGQUIT) received, shutting down
2026/09/20 13:23:22 [notice] 21#21: gracefully shutting down
2026/09/20 13:23:22 [notice] 24#24: gracefully shutting down
2026/09/20 13:23:22 [notice] 26#26: gracefully shutting down
2026/09/20 13:23:22 [notice] 31#31: gracefully shutting down
2026/09/20 13:23:22 [notice] 27#27: gracefully shutting down
2026/09/20 13:23:22 [notice] 28#28: gracefully shutting down
2026/09/20 13:23:22 [notice] 23#23: gracefully shutting down
2026/09/20 13:23:22 [notice] 25#25: gracefully shutting down
2026/09/20 13:23:22 [notice] 29#29: gracefully shutting down
2026/09/20 13:23:22 [notice] 30#30: gracefully shutting down
2026/09/20 13:23:22 [notice] 32#32: gracefully shutting down
2026/09/20 13:23:22 [notice] 22#22: gracefully shutting down
2026/09/20 13:23:22 [notice] 21#21: exiting
2026/09/20 13:23:22 [notice] 24#24: exiting
2026/09/20 13:23:22 [notice] 26#26: exiting
2026/09/20 13:23:22 [notice] 31#31: exiting
2026/09/20 13:23:22 [notice] 26#26: exit
2026/09/20 13:23:22 [notice] 27#27: exiting
2026/09/20 13:23:22 [notice] 28#28: exiting
2026/09/20 13:23:22 [notice] 23#23: exiting
2026/09/20 13:23:22 [notice] 25#25: exiting
2026/09/20 13:23:22 [notice] 29#29: exiting
2026/09/20 13:23:22 [notice] 30#30: exiting
2026/09/20 13:23:22 [notice] 32#32: exiting
2026/09/20 13:23:22 [notice] 22#22: exiting
2026/09/20 13:23:22 [notice] 21#21: exit
2026/09/20 13:23:22 [notice] 24#24: exit
2026/09/20 13:23:22 [notice] 31#31: exit
2026/09/20 13:23:22 [notice] 27#27: exit
2026/09/20 13:23:22 [notice] 28#28: exit
2026/09/20 13:23:22 [notice] 23#23: exit
2026/09/20 13:23:22 [notice] 25#25: exit
2026/09/20 13:23:22 [notice] 29#29: exit
2026/09/20 13:23:22 [notice] 30#30: exit
2026/09/20 13:23:22 [notice] 32#32: exit
2026/09/20 13:23:22 [notice] 22#22: exit
2026/09/20 13:23:22 [notice] 1#1: signal 17 (SIGCHLD) received from 24
2026/09/20 13:23:22 [notice] 1#1: worker process 24 exited with code 0
2026/09/20 13:23:22 [notice] 1#1: signal 29 (SIGIO) received
2026/09/20 13:23:22 [notice] 1#1: signal 17 (SIGCHLD) received from 28
2026/09/20 13:23:22 [notice] 1#1: worker process 26 exited with code 0
2026/09/20 13:23:22 [notice] 1#1: worker process 28 exited with code 0
2026/09/20 13:23:22 [notice] 1#1: worker process 21 exited with code 0
2026/09/20 13:23:22 [notice] 1#1: worker process 27 exited with code 0
2026/09/20 13:23:22 [notice] 1#1: signal 29 (SIGIO) received
2026/09/20 13:23:22 [notice] 1#1: signal 17 (SIGCHLD) received from 27
2026/09/20 13:23:22 [notice] 1#1: signal 17 (SIGCHLD) received from 30
2026/09/20 13:23:22 [notice] 1#1: worker process 22 exited with code 0
2026/09/20 13:23:22 [notice] 1#1: worker process 23 exited with code 0
2026/09/20 13:23:22 [notice] 1#1: worker process 25 exited with code 0
2026/09/20 13:23:22 [notice] 1#1: worker process 30 exited with code 0
2026/09/20 13:23:22 [notice] 1#1: worker process 31 exited with code 0
2026/09/20 13:23:22 [notice] 1#1: signal 29 (SIGIO) received
2026/09/20 13:23:22 [notice] 1#1: signal 17 (SIGCHLD) received from 22
2026/09/20 13:23:22 [notice] 1#1: worker process 29 exited with code 0
2026/09/20 13:23:22 [notice] 1#1: signal 29 (SIGIO) received
2026/09/20 13:23:22 [notice] 1#1: signal 17 (SIGCHLD) received from 29
2026/09/20 13:23:22 [notice] 1#1: worker process 32 exited with code 0
2026/09/20 13:23:22 [notice] 1#1: exit
2026/09/20 13:23:33 [notice] 1#1: using the "epoll" event method
2026/09/20 13:23:33 [notice] 1#1: nginx/1.31.6
2026/09/20 13:23:33 [notice] 1#1: built by gcc 15.2.0 (Alpine 15.2.0) 
2026/09/20 13:23:33 [notice] 1#1: OS: Linux 6.18.33.2-microsoft-standard-WSL2
2026/09/20 13:23:33 [notice] 1#1: getrlimit(RLIMIT_NOFILE): 1048576:1048576
2026/09/20 13:23:33 [notice] 1#1: start worker processes
2026/09/20 13:23:33 [notice] 1#1: start worker process 21
2026/09/20 13:23:33 [notice] 1#1: start worker process 22
2026/09/20 13:23:33 [notice] 1#1: start worker process 23
2026/09/20 13:23:33 [notice] 1#1: start worker process 24
2026/09/20 13:23:33 [notice] 1#1: start worker process 25
2026/09/20 13:23:33 [notice] 1#1: start worker process 26
2026/09/20 13:23:33 [notice] 1#1: start worker process 27
2026/09/20 13:23:33 [notice] 1#1: start worker process 28
2026/09/20 13:23:33 [notice] 1#1: start worker process 29
2026/09/20 13:23:33 [notice] 1#1: start worker process 30
2026/09/20 13:23:33 [notice] 1#1: start worker process 31
2026/09/20 13:23:33 [notice] 1#1: start worker process 32
2026/09/21 07:42:06 [emerg] 1#1: chown("/var/cache/nginx/client_temp", 101) failed (1: Operation not permitted)
2026/09/21 07:42:07 [emerg] 1#1: chown("/var/cache/nginx/client_temp", 101) failed (1: Operation not permitted)
2026/09/21 07:42:08 [emerg] 1#1: chown("/var/cache/nginx/client_temp", 101) failed (1: Operation not permitted)
2026/09/21 07:42:09 [emerg] 1#1: chown("/var/cache/nginx/client_temp", 101) failed (1: Operation not permitted)
2026/09/21 07:42:10 [emerg] 1#1: chown("/var/cache/nginx/client_temp", 101) failed (1: Operation not permitted)
2026/09/21 07:42:12 [emerg] 1#1: chown("/var/cache/nginx/client_temp", 101) failed (1: Operation not permitted)
2026/09/21 07:42:16 [emerg] 1#1: chown("/var/cache/nginx/client_temp", 101) failed (1: Operation not permitted)
2026/09/21 07:42:23 [emerg] 1#1: chown("/var/cache/nginx/client_temp", 101) failed (1: Operation not permitted)
2026/09/21 07:42:36 [emerg] 1#1: chown("/var/cache/nginx/client_temp", 101) failed (1: Operation not permitted)
2026/09/21 07:43:03 [emerg] 1#1: chown("/var/cache/nginx/client_temp", 101) failed (1: Operation not permitted)
2026/09/21 07:43:54 [emerg] 1#1: chown("/var/cache/nginx/client_temp", 101) failed (1: Operation not permitted)
2026/09/21 07:44:55 [emerg] 1#1: chown("/var/cache/nginx/client_temp", 101) failed (1: Operation not permitted)
2026/09/21 07:45:55 [emerg] 1#1: chown("/var/cache/nginx/client_temp", 101) failed (1: Operation not permitted)
2026/09/21 07:46:05 [emerg] 1#1: chown("/var/cache/nginx/client_temp", 101) failed (1: Operation not permitted)
2026/09/21 07:46:06 [emerg] 1#1: chown("/var/cache/nginx/client_temp", 101) failed (1: Operation not permitted)
2026/09/21 07:46:07 [emerg] 1#1: chown("/var/cache/nginx/client_temp", 101) failed (1: Operation not permitted)
2026/09/21 07:46:07 [emerg] 1#1: chown("/var/cache/nginx/client_temp", 101) failed (1: Operation not permitted)
2026/09/21 07:46:09 [emerg] 1#1: chown("/var/cache/nginx/client_temp", 101) failed (1: Operation not permitted)
2026/09/21 07:46:11 [emerg] 1#1: chown("/var/cache/nginx/client_temp", 101) failed (1: Operation not permitted)
2026/09/21 07:46:14 [emerg] 1#1: chown("/var/cache/nginx/client_temp", 101) failed (1: Operation not permitted)
2026/09/21 07:46:21 [emerg] 1#1: chown("/var/cache/nginx/client_temp", 101) failed (1: Operation not permitted)
2026/09/21 07:46:34 [emerg] 1#1: chown("/var/cache/nginx/client_temp", 101) failed (1: Operation not permitted)
2026/09/21 07:47:00 [emerg] 1#1: chown("/var/cache/nginx/client_temp", 101) failed (1: Operation not permitted)
2026/09/21 07:47:52 [emerg] 1#1: chown("/var/cache/nginx/client_temp", 101) failed (1: Operation not permitted)
2026/09/21 07:48:51 [notice] 1#1: using the "epoll" event method
2026/09/21 07:48:51 [notice] 1#1: nginx/1.31.6
2026/09/21 07:48:51 [notice] 1#1: built by gcc 15.2.0 (Alpine 15.2.0) 
2026/09/21 07:48:51 [notice] 1#1: OS: Linux 6.18.33.2-microsoft-standard-WSL2
2026/09/21 07:48:51 [notice] 1#1: getrlimit(RLIMIT_NOFILE): 1048576:1048576
2026/09/21 07:48:51 [notice] 1#1: start worker processes
2026/09/21 07:48:51 [notice] 1#1: start worker process 21
2026/09/21 07:48:51 [notice] 1#1: start worker process 22
2026/09/21 07:48:51 [notice] 1#1: start worker process 23
2026/09/21 07:48:51 [notice] 1#1: start worker process 24
2026/09/21 07:48:51 [notice] 1#1: start worker process 25
2026/09/21 07:48:51 [notice] 1#1: start worker process 26
2026/09/21 07:48:51 [notice] 1#1: start worker process 27
2026/09/21 07:48:51 [notice] 1#1: start worker process 28
2026/09/21 07:48:51 [notice] 1#1: start worker process 29
2026/09/21 07:48:51 [notice] 1#1: start worker process 30
2026/09/21 07:48:51 [notice] 1#1: start worker process 31
2026/09/21 07:48:51 [notice] 1#1: start worker process 32
2026/09/30 08:32:01 [notice] 1#1: using the "epoll" event method
2026/09/30 08:32:01 [notice] 1#1: nginx/1.31.6
2026/09/30 08:32:01 [notice] 1#1: built by gcc 15.2.0 (Alpine 15.2.0) 
2026/09/30 08:32:01 [notice] 1#1: OS: Linux 6.18.33.2-microsoft-standard-WSL2
2026/09/30 08:32:01 [notice] 1#1: getrlimit(RLIMIT_NOFILE): 1048576:1048576
2026/09/30 08:32:01 [notice] 1#1: start worker processes
2026/09/30 08:32:01 [notice] 1#1: start worker process 21
2026/09/30 08:32:01 [notice] 1#1: start worker process 22
2026/09/30 08:32:01 [notice] 1#1: start worker process 23
2026/09/30 08:32:01 [notice] 1#1: start worker process 24
2026/09/30 08:32:01 [notice] 1#1: start worker process 25
2026/09/30 08:32:01 [notice] 1#1: start worker process 26
2026/09/30 08:32:01 [notice] 1#1: start worker process 27
2026/09/30 08:32:01 [notice] 1#1: start worker process 28
2026/09/30 08:32:01 [notice] 1#1: start worker process 29
2026/09/30 08:32:01 [notice] 1#1: start worker process 30
2026/09/30 08:32:01 [notice] 1#1: start worker process 31
2026/09/30 08:32:01 [notice] 1#1: start worker process 32
